# MicroArray.map - federate a query over several independent clinical databases
# For further description, see http://spam.w3.org/2004/10/04-pharmaFederate/

# $Id: ToxicAssoc0.rq,v 1.4 2009/02/17 15:00:45 eric Exp $

PREFIX ma: <http://med.example/ma#>
PREFIX cs: <http://med.example/cs#>
PREFIX up: <http://med.example/up#>
PREFIX sa: <http://med.example/sa#>
PREFIX mt: <http://med.example/mt#>

PREFIX MicroArray: <http://db.example/ma/MicroArray#>
PREFIX Kinase: <http://db.example/ma/Kinase#>
PREFIX Chemicals: <http://db.example/ma/Chemicals#>

 server "localhost"
 user "root"
 database "MicroArray"
 stemURI <http://db.example/ma/>
 primaryKey "id"


CONSTRUCT {
  ?g	  ma:name		?name .
  ?g	  ma:expression	?xpress .
  ?g	  ma:experiment	?kinase .
  ?kinase ma:against	?agin .
  ?agin	  cs:chemical	?chemical
} WHERE {
  ?g	  MicroArray:name		?name .
  ?g	  MicroArray:expression	?xpress .
  ?g	  MicroArray:experiment	?kinase .
  ?kinase Kinase:against		?agin .
  ?agin	  Chemicals:chemical	?chemical .
}
