?evidences="OBS-2214";?log="confound(confound_selector0(OBS-2214, confound_selector0_or0(confound_selector0_or0_and0∧confound_selector0_or0_and1∧confound_selector0_or0_and2∧confound_selector0_or0_and3)∨confound_selector0_or1(confound_selector0_or1_and0∧confound_selector0_or1_and1∧confound_selector0_or1_and2)))";?message="confound-sensitive";?ruleHash="confound";
?evidences="OBS-2214, RNC-0859.1";?log="underpow(underpow_selector0(OBS-2214, underpow_selector0_or0(underpow_selector0_or0_and0∧underpow_selector0_or0_and1∧underpow_selector0_or0_and2∧underpow_selector0_or0_and3)∨underpow_selector0_or1(underpow_selector0_or1_and0∧underpow_selector0_or1_and1∧underpow_selector0_or1_and2∧underpow_selector0_or1_and3)) + underpow_selector1(RNC-0859.1, underpow_selector1_or0(underpow_selector1_or0_and0)))";?message="underpowered";?ruleHash="underpow";
